D:/Documents/HUST tài liệu/Kỳ 20242/Hệ Nhúng/HighStriker-51f41bc5cb67df6f97258d85e5336ce1f68379d6/Core/Src/main.c:972:13:SPI5_Write	16	static
D:/Documents/HUST tài liệu/Kỳ 20242/Hệ Nhúng/HighStriker-51f41bc5cb67df6f97258d85e5336ce1f68379d6/Core/Src/main.c:253:6:SystemClock_Config	96	static
D:/Documents/HUST tài liệu/Kỳ 20242/Hệ Nhúng/HighStriker-51f41bc5cb67df6f97258d85e5336ce1f68379d6/Core/Src/main.c:160:5:main	112	static
D:/Documents/HUST tài liệu/Kỳ 20242/Hệ Nhúng/HighStriker-51f41bc5cb67df6f97258d85e5336ce1f68379d6/Core/Src/main.c:749:6:delay_us	16	static
D:/Documents/HUST tài liệu/Kỳ 20242/Hệ Nhúng/HighStriker-51f41bc5cb67df6f97258d85e5336ce1f68379d6/Core/Src/main.c:817:6:IOE_Init	0	static
D:/Documents/HUST tài liệu/Kỳ 20242/Hệ Nhúng/HighStriker-51f41bc5cb67df6f97258d85e5336ce1f68379d6/Core/Src/main.c:826:6:IOE_ITConfig	0	static
D:/Documents/HUST tài liệu/Kỳ 20242/Hệ Nhúng/HighStriker-51f41bc5cb67df6f97258d85e5336ce1f68379d6/Core/Src/main.c:838:6:IOE_Write	32	static
D:/Documents/HUST tài liệu/Kỳ 20242/Hệ Nhúng/HighStriker-51f41bc5cb67df6f97258d85e5336ce1f68379d6/Core/Src/main.c:849:9:IOE_Read	32	static
D:/Documents/HUST tài liệu/Kỳ 20242/Hệ Nhúng/HighStriker-51f41bc5cb67df6f97258d85e5336ce1f68379d6/Core/Src/main.c:862:10:IOE_ReadMultiple	24	static
D:/Documents/HUST tài liệu/Kỳ 20242/Hệ Nhúng/HighStriker-51f41bc5cb67df6f97258d85e5336ce1f68379d6/Core/Src/main.c:871:6:IOE_Delay	0	static
D:/Documents/HUST tài liệu/Kỳ 20242/Hệ Nhúng/HighStriker-51f41bc5cb67df6f97258d85e5336ce1f68379d6/Core/Src/main.c:998:6:LCD_IO_Init	8	static
D:/Documents/HUST tài liệu/Kỳ 20242/Hệ Nhúng/HighStriker-51f41bc5cb67df6f97258d85e5336ce1f68379d6/Core/Src/main.c:1008:6:LCD_IO_WriteData	16	static
D:/Documents/HUST tài liệu/Kỳ 20242/Hệ Nhúng/HighStriker-51f41bc5cb67df6f97258d85e5336ce1f68379d6/Core/Src/main.c:1024:6:LCD_IO_WriteReg	16	static
D:/Documents/HUST tài liệu/Kỳ 20242/Hệ Nhúng/HighStriker-51f41bc5cb67df6f97258d85e5336ce1f68379d6/Core/Src/main.c:1043:10:LCD_IO_ReadData	32	static
D:/Documents/HUST tài liệu/Kỳ 20242/Hệ Nhúng/HighStriker-51f41bc5cb67df6f97258d85e5336ce1f68379d6/Core/Src/main.c:1070:6:LCD_Delay	0	static
D:/Documents/HUST tài liệu/Kỳ 20242/Hệ Nhúng/HighStriker-51f41bc5cb67df6f97258d85e5336ce1f68379d6/Core/Src/main.c:1083:9:read_average_offset	32	static
D:/Documents/HUST tài liệu/Kỳ 20242/Hệ Nhúng/HighStriker-51f41bc5cb67df6f97258d85e5336ce1f68379d6/Core/Src/main.c:1093:9:get_average_raw_data	24	static
D:/Documents/HUST tài liệu/Kỳ 20242/Hệ Nhúng/HighStriker-51f41bc5cb67df6f97258d85e5336ce1f68379d6/Core/Src/main.c:1108:6:StartDefaultTask	88	static
D:/Documents/HUST tài liệu/Kỳ 20242/Hệ Nhúng/HighStriker-51f41bc5cb67df6f97258d85e5336ce1f68379d6/Core/Src/main.c:1103:9:Abs	0	static
D:/Documents/HUST tài liệu/Kỳ 20242/Hệ Nhúng/HighStriker-51f41bc5cb67df6f97258d85e5336ce1f68379d6/Core/Src/main.c:1194:6:HAL_TIM_PeriodElapsedCallback	0	static
D:/Documents/HUST tài liệu/Kỳ 20242/Hệ Nhúng/HighStriker-51f41bc5cb67df6f97258d85e5336ce1f68379d6/Core/Src/main.c:1212:6:Error_Handler	0	static
