E:/Documents/TouchGFX_Projects/HighStriker/Core/Src/main.c:1005:13:SPI5_Write	16	static
E:/Documents/TouchGFX_Projects/HighStriker/Core/Src/main.c:1259:6:StartButtonTask	8	static
E:/Documents/TouchGFX_Projects/HighStriker/Core/Src/main.c:274:6:delay_us	16	static
E:/Documents/TouchGFX_Projects/HighStriker/Core/Src/main.c:285:6:SystemClock_Config	96	static
E:/Documents/TouchGFX_Projects/HighStriker/Core/Src/main.c:177:5:main	112	static
E:/Documents/TouchGFX_Projects/HighStriker/Core/Src/main.c:849:6:IOE_Init	0	static
E:/Documents/TouchGFX_Projects/HighStriker/Core/Src/main.c:858:6:IOE_ITConfig	0	static
E:/Documents/TouchGFX_Projects/HighStriker/Core/Src/main.c:870:6:IOE_Write	32	static
E:/Documents/TouchGFX_Projects/HighStriker/Core/Src/main.c:881:9:IOE_Read	32	static
E:/Documents/TouchGFX_Projects/HighStriker/Core/Src/main.c:894:10:IOE_ReadMultiple	24	static
E:/Documents/TouchGFX_Projects/HighStriker/Core/Src/main.c:903:6:IOE_Delay	0	static
E:/Documents/TouchGFX_Projects/HighStriker/Core/Src/main.c:1031:6:LCD_IO_Init	8	static
E:/Documents/TouchGFX_Projects/HighStriker/Core/Src/main.c:1041:6:LCD_IO_WriteData	16	static
E:/Documents/TouchGFX_Projects/HighStriker/Core/Src/main.c:1057:6:LCD_IO_WriteReg	16	static
E:/Documents/TouchGFX_Projects/HighStriker/Core/Src/main.c:1076:10:LCD_IO_ReadData	32	static
E:/Documents/TouchGFX_Projects/HighStriker/Core/Src/main.c:1103:6:LCD_Delay	0	static
E:/Documents/TouchGFX_Projects/HighStriker/Core/Src/main.c:1116:9:read_average_offset	32	static
E:/Documents/TouchGFX_Projects/HighStriker/Core/Src/main.c:1127:9:get_average_raw_data	24	static
E:/Documents/TouchGFX_Projects/HighStriker/Core/Src/main.c:1153:6:StartDefaultTask	104	static
E:/Documents/TouchGFX_Projects/HighStriker/Core/Src/main.c:1138:9:Abs	0	static
E:/Documents/TouchGFX_Projects/HighStriker/Core/Src/main.c:1288:6:HAL_TIM_PeriodElapsedCallback	0	static
E:/Documents/TouchGFX_Projects/HighStriker/Core/Src/main.c:1306:6:Error_Handler	0	static
