E:/Documents/TouchGFX_Projects/HighStriker/Core/Src/main.c:1005:13:SPI5_Write	1
E:/Documents/TouchGFX_Projects/HighStriker/Core/Src/main.c:1238:6:StartButtonTask	2
E:/Documents/TouchGFX_Projects/HighStriker/Core/Src/main.c:274:6:delay_us	2
E:/Documents/TouchGFX_Projects/HighStriker/Core/Src/main.c:285:6:SystemClock_Config	1
E:/Documents/TouchGFX_Projects/HighStriker/Core/Src/main.c:177:5:main	2
E:/Documents/TouchGFX_Projects/HighStriker/Core/Src/main.c:849:6:IOE_Init	1
E:/Documents/TouchGFX_Projects/HighStriker/Core/Src/main.c:858:6:IOE_ITConfig	1
E:/Documents/TouchGFX_Projects/HighStriker/Core/Src/main.c:870:6:IOE_Write	1
E:/Documents/TouchGFX_Projects/HighStriker/Core/Src/main.c:881:9:IOE_Read	1
E:/Documents/TouchGFX_Projects/HighStriker/Core/Src/main.c:894:10:IOE_ReadMultiple	1
E:/Documents/TouchGFX_Projects/HighStriker/Core/Src/main.c:903:6:IOE_Delay	1
E:/Documents/TouchGFX_Projects/HighStriker/Core/Src/main.c:1031:6:LCD_IO_Init	1
E:/Documents/TouchGFX_Projects/HighStriker/Core/Src/main.c:1041:6:LCD_IO_WriteData	1
E:/Documents/TouchGFX_Projects/HighStriker/Core/Src/main.c:1057:6:LCD_IO_WriteReg	1
E:/Documents/TouchGFX_Projects/HighStriker/Core/Src/main.c:1076:10:LCD_IO_ReadData	1
E:/Documents/TouchGFX_Projects/HighStriker/Core/Src/main.c:1103:6:LCD_Delay	1
E:/Documents/TouchGFX_Projects/HighStriker/Core/Src/main.c:1116:9:read_average_offset	2
E:/Documents/TouchGFX_Projects/HighStriker/Core/Src/main.c:1127:9:get_average_raw_data	2
E:/Documents/TouchGFX_Projects/HighStriker/Core/Src/main.c:1153:6:StartDefaultTask	7
E:/Documents/TouchGFX_Projects/HighStriker/Core/Src/main.c:1138:9:Abs	1
E:/Documents/TouchGFX_Projects/HighStriker/Core/Src/main.c:1267:6:HAL_TIM_PeriodElapsedCallback	2
E:/Documents/TouchGFX_Projects/HighStriker/Core/Src/main.c:1285:6:Error_Handler	1
