D:/Documents/HUST tài liệu/Kỳ 20242/Hệ Nhúng/HighStriker-51f41bc5cb67df6f97258d85e5336ce1f68379d6/Drivers/STM32F4xx_HAL_Driver/Src/stm32f4xx_hal_gpio.c:164:6:HAL_GPIO_Init	48	static
D:/Documents/HUST tài liệu/Kỳ 20242/Hệ Nhúng/HighStriker-51f41bc5cb67df6f97258d85e5336ce1f68379d6/Drivers/STM32F4xx_HAL_Driver/Src/stm32f4xx_hal_gpio.c:294:6:HAL_GPIO_DeInit	36	static
D:/Documents/HUST tài liệu/Kỳ 20242/Hệ Nhúng/HighStriker-51f41bc5cb67df6f97258d85e5336ce1f68379d6/Drivers/STM32F4xx_HAL_Driver/Src/stm32f4xx_hal_gpio.c:375:15:HAL_GPIO_ReadPin	0	static
D:/Documents/HUST tài liệu/Kỳ 20242/Hệ Nhúng/HighStriker-51f41bc5cb67df6f97258d85e5336ce1f68379d6/Drivers/STM32F4xx_HAL_Driver/Src/stm32f4xx_hal_gpio.c:410:6:HAL_GPIO_WritePin	0	static
D:/Documents/HUST tài liệu/Kỳ 20242/Hệ Nhúng/HighStriker-51f41bc5cb67df6f97258d85e5336ce1f68379d6/Drivers/STM32F4xx_HAL_Driver/Src/stm32f4xx_hal_gpio.c:433:6:HAL_GPIO_TogglePin	0	static
D:/Documents/HUST tài liệu/Kỳ 20242/Hệ Nhúng/HighStriker-51f41bc5cb67df6f97258d85e5336ce1f68379d6/Drivers/STM32F4xx_HAL_Driver/Src/stm32f4xx_hal_gpio.c:458:19:HAL_GPIO_LockPin	8	static
D:/Documents/HUST tài liệu/Kỳ 20242/Hệ Nhúng/HighStriker-51f41bc5cb67df6f97258d85e5336ce1f68379d6/Drivers/STM32F4xx_HAL_Driver/Src/stm32f4xx_hal_gpio.c:507:13:HAL_GPIO_EXTI_Callback	0	static
D:/Documents/HUST tài liệu/Kỳ 20242/Hệ Nhúng/HighStriker-51f41bc5cb67df6f97258d85e5336ce1f68379d6/Drivers/STM32F4xx_HAL_Driver/Src/stm32f4xx_hal_gpio.c:492:6:HAL_GPIO_EXTI_IRQHandler	8	static
