../../TouchGFX/generated/fonts/include/fonts/ApplicationFontProvider.hpp:29:7:ApplicationFontProvider::~ApplicationFontProvider()	0	static
../../TouchGFX/generated/fonts/include/fonts/ApplicationFontProvider.hpp:29:7:virtual ApplicationFontProvider::~ApplicationFontProvider()	8	static
D:/Documents/HUST tài liệu/Kỳ 20242/Hệ Nhúng/HighStriker-51f41bc5cb67df6f97258d85e5336ce1f68379d6/TouchGFX/generated/fonts/src/ApplicationFontProvider.cpp:8:17:virtual touchgfx::Font* ApplicationFontProvider::getFont(touchgfx::FontId)	8	static
